A AM GNAR
A AM GRAN
A AM RANG
A AN GRAM
A ARM GAN
A ARM NAG
A GAM RAN
A GAN MAR
A GAN RAM
A GAR MAN
A GAR NAM
A GNAR MA
A GRAM NA
A GRAN MA
A MA RANG
A MAG RAN
A MAN RAG
A MAR NAG
A NAG RAM
A NAM RAG
A RAGMAN
AG AM RAN
AG AN ARM
AG AN MAR
AG AN RAM
AG AR MAN
AG AR NAM
AG ARM NA
AG MA RAN
AG MAR NA
AG NA RAM
AGAR MAN
AGAR NAM
AGMA RAN
AM AN GAR
AM AN RAG
AM AR GAN
AM AR NAG
AM GAR NA
AM GRANA
AM NA RAG
AMA GNAR
AMA GRAN
AMA RANG
AN AR GAM
AN AR MAG
AN GAR MA
AN GRAMA
AN MA RAG
ANA GRAM
ANAGRAM
ANGA ARM
ANGA MAR
ANGA RAM
AR GAM NA
AR GAN MA
AR MA NAG
AR MAG NA
AR MANGA
GAMA RAN
GAN MAAR
GAN MARA
GAR MA NA
GAR MANA
GRAMA NA
GRANA MA
MA NA RAG
MAAR NAG
MAN RAGA
MANA RAG
MARA NAG
NAM RAGA